// Jest Snapshot v1, https://goo.gl/fbAQLP

exports[`App component App render correctly 1`] = `
<div>
  <div
    class="App"
  >
    <div>
      <div>
        <div>
          <div>
            <div>
              <div>
                <h3>
                  Avez-vous connaissance de servitudes particulières sur votre propriété ? (servitude de passage, d'alignement, etc.)
                </h3>
                <p>
                  id keystone : 
                  servitude
                </p>
                <div>
                  <label>
                    <input
                      id="servitude"
                      type="checkbox"
                      value="true"
                    />
                    oui
                  </label>
                  <label>
                    <input
                      id="servitude"
                      type="checkbox"
                      value="false"
                    />
                    non
                  </label>
                </div>
              </div>
            </div>
            <div>
              <div>
                <h3>
                  Avez-vous un mur séparatif avec vos voisins ?
                </h3>
                <p>
                  id keystone : 
                  murSeparatif
                </p>
                <div>
                  <label>
                    <input
                      id="murSeparatif"
                      type="checkbox"
                      value="true"
                    />
                    oui
                  </label>
                  <label>
                    <input
                      id="murSeparatif"
                      type="checkbox"
                      value="false"
                    />
                    non
                  </label>
                </div>
              </div>
            </div>
            <div>
              <div>
                <h3>
                  Votre terrain est-il en pente ?
                </h3>
                <p>
                  id keystone : 
                  terrainEnPente
                </p>
                <div>
                  <label>
                    <input
                      id="terrainEnPente"
                      type="checkbox"
                      value="true"
                    />
                    oui
                  </label>
                  <label>
                    <input
                      id="terrainEnPente"
                      type="checkbox"
                      value="false"
                    />
                    non
                  </label>
                </div>
              </div>
            </div>
          </div>
        </div>
      </div>
    </div>
  </div>
</div>
`;
